======================================================================
  COACH420 (general binding sites, holo)  n=300  rank_by=learned
  NOTE: not a cryptic benchmark; see this script's docstring.
======================================================================
  [1/300] miss 1a26A jac=18% dist=7.5A  running=0/1 (0%)
  [2/300] miss 1a2kC jac=2% dist=10.3A  running=0/2 (0%)
  [3/300] PASS 1a4kH jac=67% dist=2.7A  running=1/3 (33%)
  [4/300] miss 1a7xA jac=17% dist=8.2A  running=1/4 (25%)
  [5/300] miss 1afkA jac=12% dist=11.3A  running=1/5 (20%)
  [6/300] PASS 1atlA jac=58% dist=3.0A  running=2/6 (33%)
  [7/300] PASS 1b8uA jac=38% dist=3.7A  running=3/7 (43%)
  [8/300] PASS 1bnwA jac=45% dist=2.5A  running=4/8 (50%)
  [9/300] PASS 1bqoB jac=80% dist=3.5A  running=5/9 (56%)
  [10/300] PASS 1br6A jac=72% dist=0.9A  running=6/10 (60%)
  [11/300] PASS 1bs1A jac=89% dist=1.4A  running=7/11 (64%)
  [12/300] PASS 1bsvA jac=48% dist=1.7A  running=8/12 (67%)
  [13/300] PASS 1bxqA jac=57% dist=3.9A  running=9/13 (69%)
  [14/300] PASS 1bzyA jac=45% dist=3.1A  running=10/14 (71%)
  [15/300] PASS 1c3jA jac=48% dist=4.0A  running=11/15 (73%)
  [16/300] PASS 1cenA jac=75% dist=3.2A  running=12/16 (75%)
  [17/300] miss 1cetA jac=4% dist=12.6A  running=12/17 (71%)
  [18/300] PASS 1ch8A jac=60% dist=1.3A  running=13/18 (72%)
  [19/300] PASS 1cimA jac=55% dist=1.6A  running=14/19 (74%)
  [20/300] PASS 1cqfB jac=28% dist=5.6A  running=15/20 (75%)
  [21/300] PASS 1d3pB jac=36% dist=3.3A  running=16/21 (76%)
  [22/300] PASS 1d4pB jac=44% dist=3.2A  running=17/22 (77%)
  [23/300] PASS 1dcpA jac=38% dist=5.7A  running=18/23 (78%)
  [24/300] PASS 1ddtA jac=67% dist=3.0A  running=19/24 (79%)
  [25/300] PASS 1e3vA jac=94% dist=2.4A  running=20/25 (80%)
  [26/300] PASS 1e5qA jac=48% dist=3.2A  running=21/26 (81%)
  [27/300] PASS 1efyA jac=56% dist=1.5A  running=22/27 (81%)
  [29/300] PASS 1etrH jac=69% dist=1.4A  running=23/28 (82%)
  [31/300] PASS 1eveA jac=53% dist=3.1A  running=24/29 (83%)
  [32/300] PASS 1ex8A jac=46% dist=2.7A  running=25/30 (83%)
  [33/300] PASS 1exaA jac=59% dist=3.0A  running=26/31 (84%)
  [34/300] PASS 1eyrA jac=62% dist=0.9A  running=27/32 (84%)
  [35/300] PASS 1ezqA jac=47% dist=3.2A  running=28/33 (85%)
  [36/300] PASS 1f0tA jac=56% dist=2.9A  running=29/34 (85%)
  [37/300] PASS 1f4eA jac=32% dist=6.4A  running=30/35 (86%)
  [38/300] PASS 1f4fA jac=56% dist=3.4A  running=31/36 (86%)
  [39/300] PASS 1f4gA jac=60% dist=2.9A  running=32/37 (86%)
  [40/300] PASS 1f8gA jac=67% dist=3.2A  running=33/38 (87%)
  [41/300] PASS 1ffqA jac=57% dist=4.2A  running=34/39 (87%)
  [42/300] PASS 1fjsA jac=39% dist=4.7A  running=35/40 (88%)
  [43/300] PASS 1fk6A jac=44% dist=2.3A  running=36/41 (88%)
  [44/300] PASS 1fkgA jac=73% dist=2.3A  running=37/42 (88%)
  [45/300] PASS 1foaA jac=63% dist=2.6A  running=38/43 (88%)
  [46/300] PASS 1fqoA jac=41% dist=5.9A  running=39/44 (89%)
  [47/300] miss 1fthA jac=21% dist=7.5A  running=39/45 (87%)
  [48/300] PASS 1g4oA jac=45% dist=2.8A  running=40/46 (87%)
  [49/300] PASS 1g6cA jac=47% dist=3.6A  running=41/47 (87%)
  [50/300] PASS 1g97A jac=59% dist=4.3A  running=42/48 (88%)
  [52/300] PASS 1goyA jac=75% dist=4.2A  running=43/49 (88%)
  [53/300] PASS 1gsaA jac=51% dist=4.8A  running=44/50 (88%)
  [54/300] miss 1gwmA jac=6% dist=13.1A  running=44/51 (86%)
  [55/300] PASS 1gwxA jac=66% dist=2.1A  running=45/52 (87%)
  [56/300] PASS 1h0sA jac=74% dist=2.7A  running=46/53 (87%)
  [57/300] PASS 1h1pA jac=62% dist=1.7A  running=47/54 (87%)
  [58/300] PASS 1h1sA jac=56% dist=2.8A  running=48/55 (87%)
  [59/300] PASS 1hdqA jac=45% dist=3.7A  running=49/56 (88%)
  [60/300] PASS 1hnjA jac=65% dist=1.6A  running=50/57 (88%)
  [61/300] PASS 1hpvA jac=71% dist=2.3A  running=51/58 (88%)
  [62/300] PASS 1htfA jac=52% dist=2.3A  running=52/59 (88%)
  [63/300] PASS 1i7lA jac=42% dist=3.1A  running=53/60 (88%)
  [64/300] miss 1i7zA jac=16% dist=12.3A  running=53/61 (87%)
  [65/300] PASS 1i8zA jac=63% dist=1.6A  running=54/62 (87%)
  [66/300] PASS 1if7A jac=41% dist=2.6A  running=55/63 (87%)
  [67/300] PASS 1ixnA jac=54% dist=1.3A  running=56/64 (88%)
  [68/300] miss 1j8rA jac=3% dist=12.9A  running=56/65 (86%)
  [69/300] miss 1jieA jac=18% dist=5.6A  running=56/66 (85%)
  [70/300] PASS 1jkkA jac=65% dist=2.0A  running=57/67 (85%)
  [71/300] PASS 1jq3A jac=73% dist=3.3A  running=58/68 (85%)
  [72/300] PASS 1jsvA jac=45% dist=3.2A  running=59/69 (86%)
  [73/300] PASS 1jylA jac=63% dist=2.4A  running=60/70 (86%)
  [74/300] PASS 1k1jA jac=54% dist=2.0A  running=61/71 (86%)
  [75/300] PASS 1k22H jac=73% dist=2.0A  running=62/72 (86%)
  [76/300] PASS 1k3yA jac=50% dist=4.2A  running=63/73 (86%)
  [77/300] PASS 1k7eA jac=52% dist=0.9A  running=64/74 (86%)
  [78/300] PASS 1k7fA jac=65% dist=1.0A  running=65/75 (87%)
  [79/300] PASS 1kgzB jac=61% dist=3.6A  running=66/76 (87%)
  [80/300] PASS 1kv1A jac=43% dist=3.6A  running=67/77 (87%)
  [81/300] PASS 1kwcB jac=42% dist=2.2A  running=68/78 (87%)
  [82/300] PASS 1l8gA jac=52% dist=2.4A  running=69/79 (87%)
  [83/300] miss 1lbyA jac=17% dist=7.4A  running=69/80 (86%)
  [84/300] PASS 1lloA jac=45% dist=4.5A  running=70/81 (86%)
  [85/300] PASS 1llrD jac=43% dist=4.4A  running=71/82 (87%)
  [86/300] PASS 1lspA jac=48% dist=2.6A  running=72/83 (87%)
  [87/300] PASS 1ltzA jac=48% dist=3.4A  running=73/84 (87%)
  [89/300] PASS 1lzsA jac=56% dist=1.8A  running=74/85 (87%)
  [90/300] PASS 1m48A jac=42% dist=5.8A  running=75/86 (87%)
  [91/300] PASS 1mbzA jac=46% dist=1.4A  running=76/87 (87%)
  [92/300] PASS 1mmbA jac=50% dist=3.5A  running=77/88 (88%)
  [93/300] PASS 1mncA jac=89% dist=1.7A  running=78/89 (88%)
  [94/300] PASS 1mq5A jac=50% dist=3.0A  running=79/90 (88%)
  [95/300] PASS 1mq6A jac=48% dist=3.3A  running=80/91 (88%)
  [96/300] PASS 1mxiA jac=71% dist=1.5A  running=81/92 (88%)
  [97/300] PASS 1n07A jac=58% dist=3.6A  running=82/93 (88%)
  [98/300] PASS 1ndiA jac=31% dist=7.4A  running=83/94 (88%)
  [99/300] miss 1nhuA jac=0% dist=19.5A  running=83/95 (87%)
  [100/300] PASS 1nmkA jac=31% dist=10.0A  running=84/96 (88%)
  [101/300] PASS 1nz7A jac=42% dist=7.0A  running=85/97 (88%)
  [102/300] PASS 1o86A jac=68% dist=3.5A  running=86/98 (88%)
  [103/300] PASS 1of8B jac=62% dist=0.8A  running=87/99 (88%)
  [104/300] PASS 1og1A jac=56% dist=4.2A  running=88/100 (88%)
  [105/300] PASS 1ogoX jac=35% dist=6.7A  running=89/101 (88%)
  [106/300] PASS 1ohrA jac=70% dist=3.8A  running=90/102 (88%)
  [107/300] PASS 1ojzA jac=60% dist=3.8A  running=91/103 (88%)
  [108/300] PASS 1ow3B jac=62% dist=3.8A  running=92/104 (88%)
  [109/300] miss 1oxvA jac=12% dist=10.9A  running=92/105 (88%)
  [110/300] miss 1p4nA jac=23% dist=7.7A  running=92/106 (87%)
  [111/300] PASS 1p5rA jac=36% dist=5.9A  running=93/107 (87%)
  [112/300] PASS 1p77A jac=38% dist=6.3A  running=94/108 (87%)
  [113/300] PASS 1pfkA jac=37% dist=5.9A  running=95/109 (87%)
  [114/300] PASS 1pkkB jac=42% dist=5.4A  running=96/110 (87%)
  [115/300] PASS 1pnfA jac=52% dist=3.8A  running=97/111 (87%)
  [116/300] PASS 1ppcE jac=48% dist=2.9A  running=98/112 (88%)
  [117/300] PASS 1pphE jac=60% dist=1.0A  running=99/113 (88%)
  [118/300] PASS 1pw1A jac=33% dist=5.4A  running=100/114 (88%)
  [119/300] miss 1q51A jac=12% dist=11.8A  running=100/115 (87%)
  [120/300] PASS 1q8jA jac=42% dist=7.6A  running=101/116 (87%)
  [121/300] PASS 1qbuA jac=57% dist=2.6A  running=102/117 (87%)
  [122/300] PASS 1qhiA jac=57% dist=1.1A  running=103/118 (87%)
  [123/300] PASS 1qjiA jac=62% dist=3.1A  running=104/119 (87%)
  [124/300] PASS 1ql9A jac=58% dist=3.1A  running=105/120 (88%)
  [125/300] PASS 1qtiA jac=70% dist=3.2A  running=106/121 (88%)
  [126/300] miss 1r15A jac=24% dist=7.5A  running=106/122 (87%)
  [127/300] PASS 1ri1A jac=72% dist=5.1A  running=107/123 (87%)
  [128/300] PASS 1rn8A jac=32% dist=5.7A  running=108/124 (87%)
  [129/300] miss 1rsdA jac=9% dist=11.2A  running=108/125 (86%)
  [130/300] PASS 1rzuA jac=36% dist=8.0A  running=109/126 (87%)
  [131/300] PASS 1s3fA jac=57% dist=0.7A  running=110/127 (87%)
  [132/300] PASS 1sbyA jac=67% dist=0.9A  running=111/128 (87%)
  [133/300] PASS 1sqfA jac=27% dist=7.9A  running=112/129 (87%)
  [134/300] PASS 1sthA jac=50% dist=3.0A  running=113/130 (87%)
  [135/300] PASS 1swkA jac=89% dist=1.4A  running=114/131 (87%)
  [136/300] PASS 1sz3A jac=40% dist=9.6A  running=115/132 (87%)
  [137/300] PASS 1szjG jac=43% dist=4.5A  running=116/133 (87%)
  [138/300] PASS 1tjwA jac=40% dist=4.0A  running=117/134 (87%)
  [139/300] PASS 1tkyA jac=46% dist=4.3A  running=118/135 (87%)
  [141/300] miss 1tywA jac=0% dist=25.2A  running=118/136 (87%)
  [142/300] PASS 1u72A jac=64% dist=4.7A  running=119/137 (87%)
  [143/300] PASS 1u7zA jac=54% dist=3.6A  running=120/138 (87%)
  [144/300] PASS 1uamA jac=91% dist=0.8A  running=121/139 (87%)
  [145/300] PASS 1ucdA jac=34% dist=6.6A  running=122/140 (87%)
  [146/300] PASS 1uf8A jac=58% dist=4.5A  running=123/141 (87%)
  [147/300] PASS 1um0A jac=51% dist=4.3A  running=124/142 (87%)
  [148/300] PASS 1uvtH jac=62% dist=3.0A  running=125/143 (87%)
  [149/300] PASS 1v3sA jac=43% dist=6.7A  running=126/144 (88%)
  [150/300] miss 1vpsB jac=9% dist=11.8A  running=126/145 (87%)
  [151/300] PASS 1wnzA jac=54% dist=2.2A  running=127/146 (87%)
  [152/300] PASS 1wopA jac=36% dist=5.3A  running=128/147 (87%)
  [153/300] miss 1wq1G jac=14% dist=6.1A  running=128/148 (86%)
  [154/300] PASS 1x2bA jac=43% dist=4.6A  running=129/149 (87%)
  [155/300] PASS 1x55A jac=56% dist=2.8A  running=130/150 (87%)
  [156/300] PASS 1xdhA jac=49% dist=1.4A  running=131/151 (87%)
  [157/300] miss 1xnyA jac=3% dist=16.4A  running=131/152 (86%)
  [158/300] PASS 1xpyC jac=38% dist=3.8A  running=132/153 (86%)
  [159/300] PASS 1xqpA jac=36% dist=7.1A  running=133/154 (86%)
  [160/300] PASS 1xtbA jac=54% dist=7.1A  running=134/155 (86%)
  [161/300] PASS 1xvtA jac=42% dist=6.9A  running=135/156 (87%)
  [162/300] PASS 1xwqA jac=47% dist=4.3A  running=136/157 (87%)
  [163/300] miss 1y2vA jac=11% dist=12.1A  running=136/158 (86%)
  [164/300] miss 1y30A jac=13% dist=8.9A  running=136/159 (86%)
  [165/300] miss 1ybuA jac=19% dist=7.3A  running=136/160 (85%)
  [166/300] PASS 1ydsE jac=38% dist=5.4A  running=137/161 (85%)
  [167/300] PASS 1ydtE jac=45% dist=3.7A  running=138/162 (85%)
  [168/300] PASS 1ytjA jac=27% dist=3.0A  running=139/163 (85%)
  [169/300] PASS 1ytmA jac=48% dist=3.4A  running=140/164 (85%)
  [170/300] PASS 1zajA jac=76% dist=2.5A  running=141/165 (85%)
  [171/300] PASS 1zdfA jac=46% dist=3.6A  running=142/166 (86%)
  [172/300] PASS 1znzA jac=53% dist=5.3A  running=143/167 (86%)
  [173/300] PASS 1zt9A jac=35% dist=8.5A  running=144/168 (86%)
  [174/300] PASS 2artA jac=61% dist=3.9A  running=145/169 (86%)
  [175/300] PASS 2ateA jac=70% dist=1.2A  running=146/170 (86%)
  [176/300] PASS 2b3dA jac=77% dist=3.6A  running=147/171 (86%)
  [177/300] PASS 2b99A jac=38% dist=5.9A  running=148/172 (86%)
  [178/300] PASS 2bawA jac=38% dist=1.7A  running=149/173 (86%)
  [179/300] PASS 2bogX jac=46% dist=3.0A  running=150/174 (86%)
  [180/300] PASS 2c6zA jac=52% dist=2.0A  running=151/175 (86%)
  [181/300] PASS 2c96A jac=57% dist=3.5A  running=152/176 (86%)
  [182/300] miss 2chtF jac=13% dist=7.6A  running=152/177 (86%)
  [183/300] PASS 2csnA jac=53% dist=3.3A  running=153/178 (86%)
  [184/300] PASS 2cwhB jac=70% dist=5.2A  running=154/179 (86%)
  [185/300] PASS 2dkcA jac=29% dist=4.5A  running=155/180 (86%)
  [186/300] PASS 2e0nB jac=44% dist=2.1A  running=156/181 (86%)
  [187/300] PASS 2e1tA jac=42% dist=3.7A  running=157/182 (86%)
  [188/300] PASS 2e3rA jac=63% dist=3.5A  running=158/183 (86%)
  [189/300] PASS 2e6uX jac=46% dist=3.1A  running=159/184 (86%)
  [190/300] PASS 2ed4A jac=38% dist=6.1A  running=160/185 (86%)
  [191/300] miss 2f9wA jac=23% dist=8.2A  running=160/186 (86%)
  [192/300] PASS 2fhjA jac=48% dist=5.0A  running=161/187 (86%)
  [193/300] PASS 2fk8A jac=59% dist=2.9A  running=162/188 (86%)
  [194/300] miss 2fsgA jac=22% dist=9.3A  running=162/189 (86%)
  [195/300] PASS 2fv0A jac=43% dist=5.3A  running=163/190 (86%)
  [197/300] PASS 2ggaA jac=45% dist=2.8A  running=164/191 (86%)
  [198/300] PASS 2gj5A jac=31% dist=7.6A  running=165/192 (86%)
  [199/300] PASS 2gteA jac=81% dist=2.2A  running=166/193 (86%)
  [200/300] PASS 2gwhA jac=53% dist=4.0A  running=167/194 (86%)
  [201/300] PASS 2gz3A jac=46% dist=6.5A  running=168/195 (86%)
  [202/300] PASS 2hblA jac=35% dist=7.4A  running=169/196 (86%)
  [203/300] PASS 2hk1A jac=56% dist=2.7A  running=170/197 (86%)
  [204/300] PASS 2hl0A jac=88% dist=1.5A  running=171/198 (86%)
  [205/300] PASS 2hxmA jac=38% dist=2.8A  running=172/199 (86%)
  [206/300] PASS 2hzqA jac=59% dist=0.6A  running=173/200 (86%)
  [207/300] PASS 2i56A jac=57% dist=2.6A  running=174/201 (87%)
  [208/300] PASS 2ihzA jac=69% dist=2.6A  running=175/202 (87%)
  [209/300] PASS 2irxA jac=48% dist=6.8A  running=176/203 (87%)
  [210/300] PASS 2ixlA jac=54% dist=6.3A  running=177/204 (87%)
  [211/300] miss 2j72B jac=21% dist=10.4A  running=177/205 (86%)
  [212/300] PASS 2jgvD jac=32% dist=3.8A  running=178/206 (86%)
  [213/300] PASS 2oalB jac=39% dist=4.8A  running=179/207 (86%)
  [214/300] PASS 2ovdA jac=48% dist=2.3A  running=180/208 (87%)
  [215/300] PASS 2pknA jac=59% dist=2.0A  running=181/209 (87%)
  [216/300] PASS 2q6vA jac=47% dist=2.7A  running=182/210 (87%)
  [217/300] PASS 2qehA jac=65% dist=0.5A  running=183/211 (87%)
  [218/300] PASS 2qo9A jac=54% dist=1.3A  running=184/212 (87%)
  [219/300] PASS 2qttA jac=38% dist=3.2A  running=185/213 (87%)
  [220/300] PASS 2qv7A jac=40% dist=3.5A  running=186/214 (87%)
  [221/300] PASS 2qwiA jac=84% dist=1.2A  running=187/215 (87%)
  [222/300] PASS 2qzzA jac=64% dist=1.7A  running=188/216 (87%)
  [224/300] PASS 2rfhA jac=47% dist=3.4A  running=189/217 (87%)
  [226/300] PASS 2rkmA jac=29% dist=4.0A  running=190/218 (87%)
  [227/300] PASS 2royA jac=30% dist=7.7A  running=191/219 (87%)
  [228/300] miss 2uyqA jac=16% dist=10.8A  running=191/220 (87%)
  [229/300] miss 2v8lA jac=0% dist=17.3A  running=191/221 (86%)
  [230/300] PASS 2varA jac=40% dist=5.1A  running=192/222 (86%)
  [231/300] PASS 2vcjA jac=46% dist=2.6A  running=193/223 (87%)
  [232/300] PASS 2vflA jac=36% dist=3.7A  running=194/224 (87%)
  [233/300] PASS 2vkmA jac=58% dist=1.3A  running=195/225 (87%)
  [234/300] miss 2vu9A jac=0% dist=21.9A  running=195/226 (86%)
  [235/300] PASS 2w1aC jac=72% dist=2.3A  running=196/227 (86%)
  [236/300] PASS 2wn7A jac=32% dist=8.6A  running=197/228 (86%)
  [237/300] PASS 2wvaA jac=35% dist=8.1A  running=198/229 (86%)
  [238/300] PASS 2wzmA jac=43% dist=4.4A  running=199/230 (87%)
  [240/300] PASS 2yw2A jac=58% dist=4.2A  running=200/231 (87%)
  [241/300] PASS 2zasA jac=67% dist=2.0A  running=201/232 (87%)
  [243/300] PASS 2zgzA jac=47% dist=2.2A  running=202/233 (87%)
  [244/300] miss 2zhzB jac=6% dist=10.6A  running=202/234 (86%)
  [245/300] PASS 3a0tA jac=71% dist=1.8A  running=203/235 (86%)
  [246/300] PASS 3aaqA jac=44% dist=4.4A  running=204/236 (86%)
  [247/300] PASS 3b3fA jac=57% dist=4.2A  running=205/237 (86%)
  [248/300] PASS 3b4yA jac=66% dist=3.1A  running=206/238 (87%)
  [249/300] PASS 3bazA jac=49% dist=3.6A  running=207/239 (87%)
  [250/300] PASS 3c2fA jac=53% dist=2.0A  running=208/240 (87%)
  [251/300] PASS 3cagA jac=25% dist=6.9A  running=209/241 (87%)
  [252/300] PASS 3cpaA jac=58% dist=1.1A  running=210/242 (87%)
  [253/300] PASS 3ct5A jac=62% dist=3.1A  running=211/243 (87%)
  [254/300] PASS 3cwkA jac=73% dist=3.0A  running=212/244 (87%)
  [255/300] PASS 3cxiA jac=50% dist=2.8A  running=213/245 (87%)
  [256/300] PASS 3d1gA jac=74% dist=0.8A  running=214/246 (87%)
  [257/300] PASS 3du4A jac=59% dist=3.1A  running=215/247 (87%)
  [258/300] PASS 3duwA jac=54% dist=3.5A  running=216/248 (87%)
  [259/300] PASS 3dzlB jac=40% dist=6.5A  running=217/249 (87%)
  [260/300] PASS 3efvA jac=49% dist=3.1A  running=218/250 (87%)
  [261/300] miss 3ej0A jac=13% dist=8.5A  running=218/251 (87%)
  [262/300] PASS 3ergA jac=52% dist=4.1A  running=219/252 (87%)
  [263/300] PASS 3erkA jac=60% dist=4.3A  running=220/253 (87%)
  [264/300] PASS 3exsA jac=52% dist=2.5A  running=221/254 (87%)
  [266/300] miss 3gd9A jac=10% dist=11.7A  running=221/255 (87%)
  [267/300] PASS 3gdlA jac=47% dist=3.1A  running=222/256 (87%)
  [268/300] PASS 3gpoA jac=72% dist=2.0A  running=223/257 (87%)
  [269/300] PASS 3gqkA jac=59% dist=3.0A  running=224/258 (87%)
  [270/300] PASS 3h2kA jac=59% dist=3.6A  running=225/259 (87%)
  [271/300] PASS 3h72A jac=75% dist=1.6A  running=226/260 (87%)
  [272/300] PASS 3hitA jac=58% dist=2.4A  running=227/261 (87%)
  [273/300] PASS 3hiyA jac=59% dist=1.2A  running=228/262 (87%)
  [276/300] PASS 3hvlA jac=64% dist=2.2A  running=229/263 (87%)
  [277/300] miss 3i0dA jac=16% dist=9.8A  running=229/264 (87%)
  [278/300] miss 3i6cA jac=19% dist=6.8A  running=229/265 (86%)
  [279/300] PASS 3iesA jac=42% dist=4.6A  running=230/266 (86%)
  [280/300] PASS 3iiqA jac=31% dist=1.7A  running=231/267 (87%)
  [281/300] PASS 3jynA jac=62% dist=1.5A  running=232/268 (87%)
  [282/300] PASS 3kakA jac=29% dist=3.8A  running=233/269 (87%)
  [283/300] PASS 3kbnA jac=58% dist=2.3A  running=234/270 (87%)
  [284/300] PASS 3kdiA jac=47% dist=2.4A  running=235/271 (87%)
  [285/300] PASS 3kjgA jac=50% dist=2.7A  running=236/272 (87%)
  [286/300] miss 3kv8A jac=0% dist=34.9A  running=236/273 (86%)
  [287/300] PASS 3lbzA jac=9% dist=2.5A  running=237/274 (86%)
  [289/300] PASS 3manA jac=50% dist=4.1A  running=238/275 (87%)
  [290/300] PASS 3nk7A jac=68% dist=3.7A  running=239/276 (87%)
  [291/300] PASS 3stdA jac=73% dist=3.7A  running=240/277 (87%)
  [292/300] PASS 4f10A jac=65% dist=3.0A  running=241/278 (87%)
  [293/300] PASS 4stdA jac=82% dist=2.4A  running=242/279 (87%)
  [294/300] miss 5galB jac=4% dist=12.6A  running=242/280 (86%)
  [295/300] PASS 5stdA jac=37% dist=5.5A  running=243/281 (86%)
  [296/300] PASS 5tlnA jac=64% dist=2.4A  running=244/282 (87%)
  [297/300] PASS 7dfrA jac=60% dist=4.5A  running=245/283 (87%)
  [298/300] PASS 7estE jac=55% dist=1.8A  running=246/284 (87%)
  [299/300] PASS 830cA jac=62% dist=3.9A  running=247/285 (87%)
  [300/300] PASS 966cA jac=91% dist=0.7A  running=248/286 (87%)
----------------------------------------------------------------------
  n = 286 scored (14 skipped), 9.1 min
  size-robust (jac>=25% or cen<=4A): 248/286 (87%)
  legacy recall-based:  267/286 (93%)
  centroid alone:       173/286 (60%)
  full results -> C:\Users\clayt\Documents\GitHub\lacuna\benchmarks\coach420_learned.json
