======================================================================
  COACH420 (general binding sites, holo)  n=300  rank_by=learned-fused
  NOTE: not a cryptic benchmark; see this script's docstring.
======================================================================
Warning: You are sending unauthenticated requests to the HF Hub. Please set a HF_TOKEN to enable higher rate limits and faster downloads.
Loading weights:   0%|          | 0/534 [00:00<?, ?it/s]Loading weights: 100%|##########| 534/534 [00:00<00:00, 12773.00it/s]
[transformers] [1mEsmModel LOAD REPORT[0m from: facebook/esm2_t33_650M_UR50D
Key                       | Status     | 
--------------------------+------------+-
lm_head.bias              | UNEXPECTED | 
lm_head.layer_norm.weight | UNEXPECTED | 
lm_head.layer_norm.bias   | UNEXPECTED | 
lm_head.dense.bias        | UNEXPECTED | 
lm_head.dense.weight      | UNEXPECTED | 
pooler.dense.bias         | MISSING    | 
pooler.dense.weight       | MISSING    | 

Notes:
- UNEXPECTED:	can be ignored when loading from different task/architecture; not ok if you expect identical arch.
- MISSING:	those params were newly initialized because missing from the checkpoint. Consider training on your downstream task.
  [1/300] PASS 1a26A jac=58% dist=2.9A  running=1/1 (100%)
  [2/300] PASS 1a2kC jac=55% dist=3.5A  running=2/2 (100%)
  [3/300] PASS 1a4kH jac=71% dist=2.5A  running=3/3 (100%)
  [4/300] miss 1a7xA jac=24% dist=8.3A  running=3/4 (75%)
  [5/300] PASS 1afkA jac=41% dist=5.9A  running=4/5 (80%)
  [6/300] PASS 1atlA jac=71% dist=2.7A  running=5/6 (83%)
  [7/300] PASS 1b8uA jac=36% dist=4.1A  running=6/7 (86%)
  [8/300] PASS 1bnwA jac=45% dist=1.7A  running=7/8 (88%)
  [9/300] PASS 1bqoB jac=68% dist=3.1A  running=8/9 (89%)
  [10/300] PASS 1br6A jac=76% dist=1.1A  running=9/10 (90%)
  [11/300] PASS 1bs1A jac=67% dist=2.2A  running=10/11 (91%)
  [12/300] PASS 1bsvA jac=60% dist=3.3A  running=11/12 (92%)
  [13/300] PASS 1bxqA jac=55% dist=2.9A  running=12/13 (92%)
  [14/300] PASS 1bzyA jac=60% dist=1.8A  running=13/14 (93%)
  [15/300] PASS 1c3jA jac=50% dist=3.4A  running=14/15 (93%)
  [16/300] PASS 1cenA jac=86% dist=1.5A  running=15/16 (94%)
  [17/300] PASS 1cetA jac=44% dist=5.0A  running=16/17 (94%)
  [18/300] PASS 1ch8A jac=40% dist=4.0A  running=17/18 (94%)
  [19/300] PASS 1cimA jac=59% dist=1.4A  running=18/19 (95%)
  [20/300] miss 1cqfB jac=19% dist=7.7A  running=18/20 (90%)
  [21/300] PASS 1d3pB jac=50% dist=3.7A  running=19/21 (90%)
  [22/300] PASS 1d4pB jac=52% dist=3.7A  running=20/22 (91%)
  [23/300] PASS 1dcpA jac=36% dist=6.1A  running=21/23 (91%)
  [24/300] PASS 1ddtA jac=39% dist=2.3A  running=22/24 (92%)
  [25/300] PASS 1e3vA jac=80% dist=2.1A  running=23/25 (92%)
  [26/300] PASS 1e5qA jac=47% dist=0.8A  running=24/26 (92%)
  [27/300] PASS 1efyA jac=53% dist=1.0A  running=25/27 (93%)
  [29/300] PASS 1etrH jac=69% dist=2.0A  running=26/28 (93%)
  [31/300] PASS 1eveA jac=52% dist=3.1A  running=27/29 (93%)
  [32/300] PASS 1ex8A jac=39% dist=3.2A  running=28/30 (93%)
  [33/300] PASS 1exaA jac=58% dist=1.2A  running=29/31 (94%)
  [34/300] PASS 1eyrA jac=58% dist=1.1A  running=30/32 (94%)
  [35/300] PASS 1ezqA jac=54% dist=2.1A  running=31/33 (94%)
  [36/300] PASS 1f0tA jac=62% dist=2.8A  running=32/34 (94%)
  [37/300] PASS 1f4eA jac=43% dist=5.6A  running=33/35 (94%)
  [38/300] PASS 1f4fA jac=44% dist=1.8A  running=34/36 (94%)
  [39/300] PASS 1f4gA jac=50% dist=2.6A  running=35/37 (95%)
  [40/300] PASS 1f8gA jac=55% dist=2.5A  running=36/38 (95%)
  [41/300] PASS 1ffqA jac=47% dist=2.9A  running=37/39 (95%)
  [42/300] PASS 1fjsA jac=42% dist=3.0A  running=38/40 (95%)
  [43/300] PASS 1fk6A jac=32% dist=7.6A  running=39/41 (95%)
  [44/300] PASS 1fkgA jac=65% dist=2.2A  running=40/42 (95%)
  [45/300] PASS 1foaA jac=69% dist=1.4A  running=41/43 (95%)
  [46/300] PASS 1fqoA jac=57% dist=3.9A  running=42/44 (95%)
  [47/300] PASS 1fthA jac=33% dist=6.1A  running=43/45 (96%)
  [48/300] PASS 1g4oA jac=71% dist=1.8A  running=44/46 (96%)
  [49/300] PASS 1g6cA jac=62% dist=3.2A  running=45/47 (96%)
  [50/300] PASS 1g97A jac=58% dist=3.5A  running=46/48 (96%)
  [52/300] PASS 1goyA jac=54% dist=5.3A  running=47/49 (96%)
  [53/300] PASS 1gsaA jac=54% dist=5.7A  running=48/50 (96%)
  [54/300] PASS 1gwmA jac=32% dist=1.4A  running=49/51 (96%)
  [55/300] PASS 1gwxA jac=54% dist=2.9A  running=50/52 (96%)
  [56/300] PASS 1h0sA jac=88% dist=1.7A  running=51/53 (96%)
  [57/300] PASS 1h1pA jac=59% dist=2.4A  running=52/54 (96%)
  [58/300] PASS 1h1sA jac=50% dist=3.1A  running=53/55 (96%)
  [59/300] PASS 1hdqA jac=53% dist=3.4A  running=54/56 (96%)
  [60/300] PASS 1hnjA jac=52% dist=1.0A  running=55/57 (96%)
  [61/300] PASS 1hpvA jac=65% dist=1.9A  running=56/58 (97%)
  [62/300] PASS 1htfA jac=55% dist=2.9A  running=57/59 (97%)
  [63/300] PASS 1i7lA jac=70% dist=2.7A  running=58/60 (97%)
  [64/300] PASS 1i7zA jac=54% dist=5.5A  running=59/61 (97%)
  [65/300] PASS 1i8zA jac=70% dist=1.3A  running=60/62 (97%)
  [66/300] PASS 1if7A jac=70% dist=1.9A  running=61/63 (97%)
  [67/300] PASS 1ixnA jac=54% dist=1.0A  running=62/64 (97%)
  [68/300] miss 1j8rA jac=8% dist=11.3A  running=62/65 (95%)
  [69/300] PASS 1jieA jac=36% dist=6.2A  running=63/66 (95%)
  [70/300] PASS 1jkkA jac=75% dist=3.3A  running=64/67 (96%)
  [71/300] PASS 1jq3A jac=58% dist=2.2A  running=65/68 (96%)
  [72/300] PASS 1jsvA jac=69% dist=2.5A  running=66/69 (96%)
  [73/300] PASS 1jylA jac=65% dist=2.3A  running=67/70 (96%)
  [74/300] PASS 1k1jA jac=62% dist=2.7A  running=68/71 (96%)
  [75/300] PASS 1k22H jac=70% dist=2.9A  running=69/72 (96%)
  [76/300] PASS 1k3yA jac=36% dist=2.9A  running=70/73 (96%)
  [77/300] PASS 1k7eA jac=57% dist=2.1A  running=71/74 (96%)
  [78/300] PASS 1k7fA jac=56% dist=1.7A  running=72/75 (96%)
  [79/300] PASS 1kgzB jac=64% dist=2.1A  running=73/76 (96%)
  [80/300] PASS 1kv1A jac=61% dist=3.9A  running=74/77 (96%)
  [81/300] PASS 1kwcB jac=82% dist=1.5A  running=75/78 (96%)
  [82/300] PASS 1l8gA jac=52% dist=2.4A  running=76/79 (96%)
  [83/300] PASS 1lbyA jac=55% dist=6.1A  running=77/80 (96%)
  [84/300] PASS 1lloA jac=48% dist=4.6A  running=78/81 (96%)
  [85/300] PASS 1llrD jac=47% dist=3.0A  running=79/82 (96%)
  [86/300] PASS 1lspA jac=45% dist=3.7A  running=80/83 (96%)
  [87/300] PASS 1ltzA jac=53% dist=4.6A  running=81/84 (96%)
  [89/300] PASS 1lzsA jac=50% dist=2.8A  running=82/85 (96%)
  [90/300] PASS 1m48A jac=45% dist=3.0A  running=83/86 (97%)
  [91/300] PASS 1mbzA jac=57% dist=1.8A  running=84/87 (97%)
  [92/300] PASS 1mmbA jac=59% dist=3.1A  running=85/88 (97%)
  [93/300] PASS 1mncA jac=69% dist=1.8A  running=86/89 (97%)
  [94/300] PASS 1mq5A jac=50% dist=3.1A  running=87/90 (97%)
  [95/300] PASS 1mq6A jac=45% dist=3.5A  running=88/91 (97%)
  [96/300] PASS 1mxiA jac=80% dist=1.0A  running=89/92 (97%)
  [97/300] PASS 1n07A jac=35% dist=3.4A  running=90/93 (97%)
  [98/300] PASS 1ndiA jac=35% dist=6.8A  running=91/94 (97%)
  [99/300] miss 1nhuA jac=0% dist=27.0A  running=91/95 (96%)
  [100/300] PASS 1nmkA jac=61% dist=2.2A  running=92/96 (96%)
  [101/300] PASS 1nz7A jac=48% dist=6.2A  running=93/97 (96%)
  [102/300] PASS 1o86A jac=50% dist=3.7A  running=94/98 (96%)
  [103/300] PASS 1of8B jac=58% dist=1.3A  running=95/99 (96%)
  [104/300] PASS 1og1A jac=50% dist=3.9A  running=96/100 (96%)
  [105/300] PASS 1ogoX jac=62% dist=2.9A  running=97/101 (96%)
  [106/300] PASS 1ohrA jac=75% dist=2.3A  running=98/102 (96%)
  [107/300] PASS 1ojzA jac=52% dist=3.7A  running=99/103 (96%)
  [108/300] PASS 1ow3B jac=67% dist=3.9A  running=100/104 (96%)
  [109/300] PASS 1oxvA jac=67% dist=2.9A  running=101/105 (96%)
  [110/300] PASS 1p4nA jac=32% dist=7.2A  running=102/106 (96%)
  [111/300] PASS 1p5rA jac=48% dist=4.8A  running=103/107 (96%)
  [112/300] PASS 1p77A jac=75% dist=2.3A  running=104/108 (96%)
  [113/300] PASS 1pfkA jac=33% dist=5.3A  running=105/109 (96%)
  [114/300] PASS 1pkkB jac=36% dist=6.1A  running=106/110 (96%)
  [115/300] PASS 1pnfA jac=52% dist=2.6A  running=107/111 (96%)
  [116/300] PASS 1ppcE jac=54% dist=2.0A  running=108/112 (96%)
  [117/300] PASS 1pphE jac=60% dist=1.2A  running=109/113 (96%)
  [118/300] PASS 1pw1A jac=52% dist=3.0A  running=110/114 (96%)
  [119/300] PASS 1q51A jac=39% dist=6.7A  running=111/115 (97%)
  [120/300] PASS 1q8jA jac=42% dist=20.3A  running=112/116 (97%)
  [121/300] PASS 1qbuA jac=59% dist=2.2A  running=113/117 (97%)
  [122/300] PASS 1qhiA jac=78% dist=2.4A  running=114/118 (97%)
  [123/300] PASS 1qjiA jac=55% dist=4.3A  running=115/119 (97%)
  [124/300] PASS 1ql9A jac=65% dist=3.1A  running=116/120 (97%)
  [125/300] PASS 1qtiA jac=84% dist=3.0A  running=117/121 (97%)
  [126/300] PASS 1r15A jac=40% dist=4.5A  running=118/122 (97%)
  [127/300] PASS 1ri1A jac=39% dist=4.5A  running=119/123 (97%)
  [128/300] miss 1rn8A jac=4% dist=13.9A  running=119/124 (96%)
  [129/300] PASS 1rsdA jac=50% dist=3.3A  running=120/125 (96%)
  [130/300] PASS 1rzuA jac=32% dist=7.2A  running=121/126 (96%)
  [131/300] PASS 1s3fA jac=67% dist=3.5A  running=122/127 (96%)
  [132/300] PASS 1sbyA jac=55% dist=1.1A  running=123/128 (96%)
  [133/300] PASS 1sqfA jac=57% dist=4.2A  running=124/129 (96%)
  [134/300] PASS 1sthA jac=54% dist=2.8A  running=125/130 (96%)
  [135/300] PASS 1swkA jac=85% dist=1.5A  running=126/131 (96%)
  [136/300] PASS 1sz3A jac=42% dist=10.4A  running=127/132 (96%)
  [137/300] PASS 1szjG jac=46% dist=3.7A  running=128/133 (96%)
  [138/300] PASS 1tjwA jac=56% dist=4.6A  running=129/134 (96%)
  [139/300] PASS 1tkyA jac=67% dist=2.5A  running=130/135 (96%)
  [141/300] PASS 1tywA jac=37% dist=2.9A  running=131/136 (96%)
  [142/300] PASS 1u72A jac=66% dist=4.1A  running=132/137 (96%)
  [143/300] PASS 1u7zA jac=49% dist=4.1A  running=133/138 (96%)
  [144/300] PASS 1uamA jac=96% dist=0.4A  running=134/139 (96%)
  [145/300] PASS 1ucdA jac=44% dist=4.7A  running=135/140 (96%)
  [146/300] PASS 1uf8A jac=68% dist=1.9A  running=136/141 (96%)
  [147/300] PASS 1um0A jac=56% dist=5.4A  running=137/142 (96%)
  [148/300] PASS 1uvtH jac=64% dist=3.4A  running=138/143 (97%)
  [149/300] PASS 1v3sA jac=48% dist=5.4A  running=139/144 (97%)
  [150/300] miss 1vpsB jac=12% dist=7.5A  running=139/145 (96%)
  [151/300] PASS 1wnzA jac=58% dist=2.0A  running=140/146 (96%)
  [152/300] PASS 1wopA jac=33% dist=5.0A  running=141/147 (96%)
  [153/300] PASS 1wq1G jac=29% dist=5.1A  running=142/148 (96%)
  [154/300] PASS 1x2bA jac=50% dist=4.1A  running=143/149 (96%)
  [155/300] PASS 1x55A jac=56% dist=3.0A  running=144/150 (96%)
  [156/300] PASS 1xdhA jac=51% dist=2.4A  running=145/151 (96%)
  [157/300] PASS 1xnyA jac=35% dist=14.9A  running=146/152 (96%)
  [158/300] PASS 1xpyC jac=70% dist=3.8A  running=147/153 (96%)
  [159/300] PASS 1xqpA jac=54% dist=4.6A  running=148/154 (96%)
  [160/300] PASS 1xtbA jac=81% dist=5.2A  running=149/155 (96%)
  [161/300] PASS 1xvtA jac=44% dist=3.2A  running=150/156 (96%)
  [162/300] PASS 1xwqA jac=29% dist=4.7A  running=151/157 (96%)
  [163/300] PASS 1y2vA jac=73% dist=2.5A  running=152/158 (96%)
  [164/300] PASS 1y30A jac=42% dist=4.0A  running=153/159 (96%)
  [165/300] PASS 1ybuA jac=42% dist=4.5A  running=154/160 (96%)
  [166/300] PASS 1ydsE jac=81% dist=1.8A  running=155/161 (96%)
  [167/300] PASS 1ydtE jac=58% dist=3.3A  running=156/162 (96%)
  [168/300] PASS 1ytjA jac=30% dist=2.8A  running=157/163 (96%)
  [169/300] PASS 1ytmA jac=49% dist=3.5A  running=158/164 (96%)
  [170/300] PASS 1zajA jac=89% dist=0.8A  running=159/165 (96%)
  [171/300] PASS 1zdfA jac=58% dist=3.7A  running=160/166 (96%)
  [172/300] PASS 1znzA jac=57% dist=3.6A  running=161/167 (96%)
  [173/300] PASS 1zt9A jac=33% dist=1.9A  running=162/168 (96%)
  [174/300] PASS 2artA jac=64% dist=4.0A  running=163/169 (96%)
  [175/300] PASS 2ateA jac=79% dist=1.1A  running=164/170 (96%)
  [176/300] PASS 2b3dA jac=73% dist=4.0A  running=165/171 (96%)
  [177/300] PASS 2b99A jac=37% dist=4.5A  running=166/172 (97%)
  [178/300] PASS 2bawA jac=52% dist=3.3A  running=167/173 (97%)
  [179/300] PASS 2bogX jac=45% dist=3.5A  running=168/174 (97%)
  [180/300] PASS 2c6zA jac=55% dist=3.6A  running=169/175 (97%)
  [181/300] PASS 2c96A jac=62% dist=3.7A  running=170/176 (97%)
  [182/300] PASS 2chtF jac=43% dist=6.7A  running=171/177 (97%)
  [183/300] PASS 2csnA jac=57% dist=3.4A  running=172/178 (97%)
  [184/300] PASS 2cwhB jac=63% dist=3.8A  running=173/179 (97%)
  [185/300] miss 2dkcA jac=15% dist=7.4A  running=173/180 (96%)
  [186/300] PASS 2e0nB jac=62% dist=2.2A  running=174/181 (96%)
  [187/300] PASS 2e1tA jac=40% dist=4.4A  running=175/182 (96%)
  [188/300] PASS 2e3rA jac=45% dist=3.0A  running=176/183 (96%)
  [189/300] PASS 2e6uX jac=38% dist=3.5A  running=177/184 (96%)
  [190/300] PASS 2ed4A jac=30% dist=4.2A  running=178/185 (96%)
  [191/300] PASS 2f9wA jac=47% dist=7.7A  running=179/186 (96%)
  [192/300] PASS 2fhjA jac=51% dist=5.4A  running=180/187 (96%)
  [193/300] PASS 2fk8A jac=67% dist=4.1A  running=181/188 (96%)
  [194/300] PASS 2fsgA jac=25% dist=8.6A  running=182/189 (96%)
  [195/300] PASS 2fv0A jac=52% dist=3.2A  running=183/190 (96%)
  [197/300] PASS 2ggaA jac=58% dist=3.2A  running=184/191 (96%)
  [198/300] PASS 2gj5A jac=32% dist=3.7A  running=185/192 (96%)
  [199/300] PASS 2gteA jac=76% dist=1.7A  running=186/193 (96%)
  [200/300] PASS 2gwhA jac=48% dist=2.4A  running=187/194 (96%)
  [201/300] PASS 2gz3A jac=44% dist=4.0A  running=188/195 (96%)
  [202/300] PASS 2hblA jac=60% dist=4.0A  running=189/196 (96%)
  [203/300] PASS 2hk1A jac=65% dist=2.2A  running=190/197 (96%)
  [204/300] PASS 2hl0A jac=91% dist=0.9A  running=191/198 (96%)
  [205/300] PASS 2hxmA jac=42% dist=2.1A  running=192/199 (96%)
  [206/300] PASS 2hzqA jac=62% dist=1.8A  running=193/200 (96%)
  [207/300] PASS 2i56A jac=60% dist=3.0A  running=194/201 (97%)
  [208/300] PASS 2ihzA jac=69% dist=2.8A  running=195/202 (97%)
  [209/300] PASS 2irxA jac=83% dist=2.3A  running=196/203 (97%)
  [210/300] PASS 2ixlA jac=48% dist=6.2A  running=197/204 (97%)
  [211/300] PASS 2j72B jac=100% dist=2.3A  running=198/205 (97%)
  [212/300] PASS 2jgvD jac=43% dist=4.8A  running=199/206 (97%)
  [213/300] PASS 2oalB jac=29% dist=4.4A  running=200/207 (97%)
  [214/300] PASS 2ovdA jac=50% dist=2.9A  running=201/208 (97%)
  [215/300] PASS 2pknA jac=62% dist=2.5A  running=202/209 (97%)
  [216/300] PASS 2q6vA jac=60% dist=2.8A  running=203/210 (97%)
  [217/300] PASS 2qehA jac=62% dist=1.7A  running=204/211 (97%)
  [218/300] PASS 2qo9A jac=57% dist=1.9A  running=205/212 (97%)
  [219/300] PASS 2qttA jac=42% dist=3.8A  running=206/213 (97%)
  [220/300] PASS 2qv7A jac=55% dist=2.1A  running=207/214 (97%)
  [221/300] PASS 2qwiA jac=80% dist=1.1A  running=208/215 (97%)
  [222/300] PASS 2qzzA jac=50% dist=2.9A  running=209/216 (97%)
  [224/300] PASS 2rfhA jac=44% dist=2.8A  running=210/217 (97%)
  [225/300] PASS 2rk2A jac=62% dist=3.3A  running=211/218 (97%)
  [226/300] PASS 2rkmA jac=43% dist=4.0A  running=212/219 (97%)
  [227/300] PASS 2royA jac=73% dist=3.3A  running=213/220 (97%)
  [228/300] PASS 2uyqA jac=60% dist=2.2A  running=214/221 (97%)
  [229/300] PASS 2v8lA jac=88% dist=2.7A  running=215/222 (97%)
  [230/300] PASS 2varA jac=47% dist=4.6A  running=216/223 (97%)
  [231/300] PASS 2vcjA jac=53% dist=3.6A  running=217/224 (97%)
  [232/300] PASS 2vflA jac=42% dist=3.9A  running=218/225 (97%)
  [233/300] PASS 2vkmA jac=52% dist=2.7A  running=219/226 (97%)
  [234/300] PASS 2vu9A jac=69% dist=3.7A  running=220/227 (97%)
  [235/300] PASS 2w1aC jac=72% dist=0.9A  running=221/228 (97%)
  [236/300] PASS 2wn7A jac=50% dist=3.5A  running=222/229 (97%)
  [237/300] PASS 2wvaA jac=42% dist=6.5A  running=223/230 (97%)
  [238/300] PASS 2wzmA jac=62% dist=3.2A  running=224/231 (97%)
  [240/300] PASS 2yw2A jac=36% dist=2.5A  running=225/232 (97%)
  [241/300] PASS 2zasA jac=62% dist=2.0A  running=226/233 (97%)
  [243/300] PASS 2zgzA jac=50% dist=2.3A  running=227/234 (97%)
  [244/300] PASS 2zhzB jac=47% dist=7.3A  running=228/235 (97%)
  [245/300] PASS 3a0tA jac=78% dist=3.2A  running=229/236 (97%)
  [246/300] PASS 3aaqA jac=42% dist=1.6A  running=230/237 (97%)
  [247/300] PASS 3b3fA jac=72% dist=1.9A  running=231/238 (97%)
  [248/300] PASS 3b4yA jac=64% dist=2.7A  running=232/239 (97%)
  [249/300] PASS 3bazA jac=52% dist=3.3A  running=233/240 (97%)
  [250/300] PASS 3c2fA jac=33% dist=6.0A  running=234/241 (97%)
  [251/300] PASS 3cagA jac=53% dist=6.2A  running=235/242 (97%)
  [252/300] PASS 3cpaA jac=58% dist=1.2A  running=236/243 (97%)
  [253/300] PASS 3ct5A jac=65% dist=1.9A  running=237/244 (97%)
  [254/300] PASS 3cwkA jac=58% dist=2.3A  running=238/245 (97%)
  [255/300] PASS 3cxiA jac=50% dist=2.0A  running=239/246 (97%)
  [256/300] PASS 3d1gA jac=76% dist=1.2A  running=240/247 (97%)
  [257/300] PASS 3du4A jac=59% dist=5.8A  running=241/248 (97%)
  [258/300] PASS 3duwA jac=61% dist=3.7A  running=242/249 (97%)
  [259/300] PASS 3dzlB jac=65% dist=2.9A  running=243/250 (97%)
  [260/300] PASS 3efvA jac=54% dist=3.5A  running=244/251 (97%)
  [261/300] miss 3ej0A jac=0% dist=16.8A  running=244/252 (97%)
  [262/300] PASS 3ergA jac=52% dist=3.4A  running=245/253 (97%)
  [263/300] PASS 3erkA jac=57% dist=3.3A  running=246/254 (97%)
  [264/300] PASS 3exsA jac=58% dist=2.7A  running=247/255 (97%)
  [266/300] PASS 3gd9A jac=26% dist=4.3A  running=248/256 (97%)
  [267/300] PASS 3gdlA jac=61% dist=2.7A  running=249/257 (97%)
  [268/300] PASS 3gpoA jac=59% dist=3.1A  running=250/258 (97%)
  [269/300] miss 3gqkA jac=10% dist=14.2A  running=250/259 (97%)
  [270/300] PASS 3h2kA jac=67% dist=2.9A  running=251/260 (97%)
  [271/300] PASS 3h72A jac=72% dist=0.9A  running=252/261 (97%)
  [272/300] PASS 3hitA jac=56% dist=2.5A  running=253/262 (97%)
  [273/300] PASS 3hiyA jac=59% dist=0.4A  running=254/263 (97%)
  [276/300] PASS 3hvlA jac=67% dist=3.3A  running=255/264 (97%)
  [277/300] PASS 3i0dA jac=80% dist=2.6A  running=256/265 (97%)
  [278/300] PASS 3i6cA jac=59% dist=5.8A  running=257/266 (97%)
  [279/300] PASS 3iesA jac=43% dist=4.0A  running=258/267 (97%)
  [280/300] PASS 3iiqA jac=44% dist=1.7A  running=259/268 (97%)
  [281/300] PASS 3jynA jac=53% dist=3.4A  running=260/269 (97%)
  [282/300] PASS 3kakA jac=47% dist=4.5A  running=261/270 (97%)
  [283/300] PASS 3kbnA jac=59% dist=3.0A  running=262/271 (97%)
  [284/300] PASS 3kdiA jac=53% dist=1.8A  running=263/272 (97%)
  [285/300] PASS 3kjgA jac=58% dist=3.7A  running=264/273 (97%)
  [286/300] PASS 3kv8A jac=48% dist=4.1A  running=265/274 (97%)
  [287/300] miss 3lbzA jac=12% dist=4.9A  running=265/275 (96%)
  [289/300] PASS 3manA jac=67% dist=1.1A  running=266/276 (96%)
  [290/300] PASS 3nk7A jac=35% dist=5.6A  running=267/277 (96%)
  [291/300] PASS 3stdA jac=67% dist=3.6A  running=268/278 (96%)
  [292/300] PASS 4f10A jac=63% dist=1.1A  running=269/279 (96%)
  [293/300] PASS 4stdA jac=88% dist=2.1A  running=270/280 (96%)
  [294/300] PASS 5galB jac=70% dist=2.1A  running=271/281 (96%)
  [295/300] PASS 5stdA jac=44% dist=3.0A  running=272/282 (96%)
  [296/300] PASS 5tlnA jac=64% dist=1.8A  running=273/283 (96%)
  [297/300] PASS 7dfrA jac=60% dist=4.1A  running=274/284 (96%)
  [298/300] PASS 7estE jac=52% dist=1.6A  running=275/285 (96%)
  [299/300] PASS 830cA jac=71% dist=2.5A  running=276/286 (97%)
  [300/300] PASS 966cA jac=82% dist=1.1A  running=277/287 (97%)
----------------------------------------------------------------------
  n = 287 scored (13 skipped), 64.3 min
  size-robust (jac>=25% or cen<=4A): 277/287 (97%)
  legacy recall-based:  276/287 (96%)
  centroid alone:       208/287 (72%)
  full results -> C:\Users\clayt\Documents\GitHub\lacuna\benchmarks\coach420_learned-fused.json
